// Jest Snapshot v1, https://goo.gl/fbAQLP

exports[`<App /> should render and match the snapshot 1`] = `
<ForwardRef(styled.div)>
  <HelmetWrapper
    defaultTitle="Airsells - Empowering local businesses"
    defer={true}
    encodeSpecialCharacters={true}
    titleTemplate="%s - Airsells"
  >
    <meta
      content="Empowering local businesses"
      name="description"
    />
  </HelmetWrapper>
  <Switch>
    <Route
      component={[Function]}
      exact={true}
      path="/"
    />
  </Switch>
  <GlobalStyleComponent />
</ForwardRef(styled.div)>
`;
